ASxxxx Linker V03.00 + NoICE + sdld,  page 1.
Hexadecimal  [32-Bits]

Area                                    Addr        Size        Decimal Bytes (Attributes)
--------------------------------        ----        ----        ------- ----- ------------
CABS                                00000000    00000000 =           0. bytes (ABS,CON,CODE)

      Value  Global                              Global Defined In Module
      -----  --------------------------------   ------------------------
C:   00000000  l_BIT_BANK                      
C:   00000000  l_CABS                          
C:   00000000  l_GSINIT1                       
C:   00000000  l_GSINIT5                       
C:   00000000  l_IABS                          
C:   00000000  l_ISEG                          
C:   00000000  l_PSEG                          
C:   00000000  l_REG_BANK_1                    
C:   00000000  l_REG_BANK_2                    
C:   00000000  l_REG_BANK_3                    
C:   00000000  l_RSEG                          
C:   00000000  l_RSEG0                         
C:   00000000  l_RSEG1                         
C:   00000000  l_XABS                          
C:   00000000  l_XINIT                         
C:   00000000  l_XISEG                         
C:   00000000  l_XSEG                          
C:   00000000  l__CODE                         
C:   00000000  s_BSEG                          
C:   00000000  s_CABS                          
C:   00000000  s_DSEG                          
C:   00000000  s_HOME                          
C:   00000000  s_IABS                          
C:   00000000  s_ISEG                          
C:   00000000  s_REG_BANK_0                    
C:   00000000  s_RSEG                          
C:   00000000  s_RSEG0                         
C:   00000000  s_RSEG1                         
C:   00000000  s_XABS                          
C:   00000001  s_PSEG                          
C:   00000001  s_XISEG                         
C:   00000001  s_XSEG                          
C:   00000002  l_OSEG                          
C:   00000003  l_BSEG_BYTES                    
C:   00000003  l_GSFINAL                       
C:   00000003  l_GSINIT0                       
C:   00000008  l_REG_BANK_0                    
C:   00000008  s_REG_BANK_1                    
C:   0000000A  l_GSINIT2                       
C:   0000000F  l_GSINIT                        
C:   00000010  s_REG_BANK_2                    
C:   00000013  l_BSEG                          
C:   00000014  s_OSEG                          
C:   00000018  s_BIT_BANK                      
C:   00000018  s_REG_BANK_3                    
C:   00000020  s_BSEG_BYTES                    
C:   00000020  s__CODE                         
C:   00000022  l_GSINIT3                       
C:   00000023  s_SSEG                          
C:   00000029  l_HOME                          
ASxxxx Linker V03.00 + NoICE + sdld,  page 2.
Hexadecimal  [32-Bits]

Area                                    Addr        Size        Decimal Bytes (Attributes)
--------------------------------        ----        ----        ------- ----- ------------
CABS                                00000000    00000000 =           0. bytes (ABS,CON,CODE)

      Value  Global                              Global Defined In Module
      -----  --------------------------------   ------------------------
C:   00000029  s_GSINIT0                       
C:   0000002A  l_GSINIT4                       
C:   0000002C  s_GSINIT1                       
C:   0000002C  s_GSINIT2                       
C:   00000036  s_GSINIT3                       
C:   00000058  s_GSINIT4                       
C:   00000076  l_DSEG                          
C:   00000082  s_GSINIT                        
C:   00000082  s_GSINIT5                       
C:   00000091  s_GSFINAL                       
C:   00000094  s_CSEG                          
C:   000000DD  l_SSEG                          
C:   00000100  l_IRAM                          
C:   0000046D  l_CONST                         
C:   00000ECD  l_CSEG                          
C:   00000F61  s_CONST                         
C:   000013CE  s_XINIT                         

ASxxxx Linker V03.00 + NoICE + sdld,  page 3.
Hexadecimal  [32-Bits]

Area                                    Addr        Size        Decimal Bytes (Attributes)
--------------------------------        ----        ----        ------- ----- ------------
.  .ABS.                            00000000    00000000 =           0. bytes (ABS,CON)

      Value  Global                              Global Defined In Module
      -----  --------------------------------   ------------------------
     00000000  .__.ABS.                           _startup
     00000080  G$P0$0$0                           main
     00000080  G$P0_0$0$0                         main
     00000080  _P0                                main
     00000080  _P0_0                              main
     00000081  G$P0_1$0$0                         main
     00000081  G$SP$0$0                           main
     00000081  _P0_1                              main
     00000081  _SP                                main
     00000082  G$DPL$0$0                          main
     00000082  G$P0_2$0$0                         main
     00000082  _DPL                               main
     00000082  _P0_2                              main
     00000083  G$DPH$0$0                          main
     00000083  G$P0_3$0$0                         main
     00000083  _DPH                               main
     00000083  _P0_3                              main
     00000084  G$P0_4$0$0                         main
     00000084  G$SFRPAGE$0$0                      main
     00000084  _P0_4                              main
     00000084  _SFRPAGE                           main
     00000085  G$P0_5$0$0                         main
     00000085  G$SFRNEXT$0$0                      main
     00000085  _P0_5                              main
     00000085  _SFRNEXT                           main
     00000086  G$P0_6$0$0                         main
     00000086  G$SFRLAST$0$0                      main
     00000086  _P0_6                              main
     00000086  _SFRLAST                           main
     00000087  G$P0_7$0$0                         main
     00000087  G$PCON$0$0                         main
     00000087  _P0_7                              main
     00000087  _PCON                              main
     00000088  G$CP0HYN0$0$0                      main
     00000088  G$CP1HYN0$0$0                      main
     00000088  G$CP2HYN0$0$0                      main
     00000088  G$CPT0CN$0$0                       main
     00000088  G$CPT1CN$0$0                       main
     00000088  G$CPT2CN$0$0                       main
     00000088  G$IT0$0$0                          main
     00000088  G$TCON$0$0                         main
     00000088  _CP0HYN0                           main
     00000088  _CP1HYN0                           main
     00000088  _CP2HYN0                           main
     00000088  _CPT0CN                            main
     00000088  _CPT1CN                            main
     00000088  _CPT2CN                            main
     00000088  _IT0                               main
     00000088  _TCON                              main
     00000089  G$CP0HYN1$0$0                      main
ASxxxx Linker V03.00 + NoICE + sdld,  page 4.
Hexadecimal  [32-Bits]

Area                                    Addr        Size        Decimal Bytes (Attributes)
--------------------------------        ----        ----        ------- ----- ------------
.  .ABS.                            00000000    00000000 =           0. bytes (ABS,CON)

      Value  Global                              Global Defined In Module
      -----  --------------------------------   ------------------------
     00000089  G$CP1HYN1$0$0                      main
     00000089  G$CP2HYN1$0$0                      main
     00000089  G$CPT0MD$0$0                       main
     00000089  G$CPT1MD$0$0                       main
     00000089  G$CPT2MD$0$0                       main
     00000089  G$IE0$0$0                          main
     00000089  G$TMOD$0$0                         main
     00000089  _CP0HYN1                           main
     00000089  _CP1HYN1                           main
     00000089  _CP2HYN1                           main
     00000089  _CPT0MD                            main
     00000089  _CPT1MD                            main
     00000089  _CPT2MD                            main
     00000089  _IE0                               main
     00000089  _TMOD                              main
     0000008A  G$CP0HYP0$0$0                      main
     0000008A  G$CP1HYP0$0$0                      main
     0000008A  G$CP2HYP0$0$0                      main
     0000008A  G$IT1$0$0                          main
     0000008A  G$OSCICN$0$0                       main
     0000008A  G$TL0$0$0                          main
     0000008A  _CP0HYP0                           main
     0000008A  _CP1HYP0                           main
     0000008A  _CP2HYP0                           main
     0000008A  _IT1                               main
     0000008A  _OSCICN                            main
     0000008A  _TL0                               main
     0000008B  G$CP0HYP1$0$0                      main
     0000008B  G$CP1HYP1$0$0                      main
     0000008B  G$CP2HYP1$0$0                      main
     0000008B  G$IE1$0$0                          main
     0000008B  G$OSCICL$0$0                       main
     0000008B  G$TL1$0$0                          main
     0000008B  _CP0HYP1                           main
     0000008B  _CP1HYP1                           main
     0000008B  _CP2HYP1                           main
     0000008B  _IE1                               main
     0000008B  _OSCICL                            main
     0000008B  _TL1                               main
     0000008C  G$CP0FIF$0$0                       main
     0000008C  G$CP1FIF$0$0                       main
     0000008C  G$CP2FIF$0$0                       main
     0000008C  G$OSCXCN$0$0                       main
     0000008C  G$TH0$0$0                          main
     0000008C  G$TR0$0$0                          main
     0000008C  _CP0FIF                            main
     0000008C  _CP1FIF                            main
     0000008C  _CP2FIF                            main
     0000008C  _OSCXCN                            main
     0000008C  _TH0                               main
     0000008C  _TR0                               main
ASxxxx Linker V03.00 + NoICE + sdld,  page 5.
Hexadecimal  [32-Bits]

Area                                    Addr        Size        Decimal Bytes (Attributes)
--------------------------------        ----        ----        ------- ----- ------------
.  .ABS.                            00000000    00000000 =           0. bytes (ABS,CON)

      Value  Global                              Global Defined In Module
      -----  --------------------------------   ------------------------
     0000008D  G$CP0RIF$0$0                       main
     0000008D  G$CP1RIF$0$0                       main
     0000008D  G$CP2RIF$0$0                       main
     0000008D  G$TF0$0$0                          main
     0000008D  G$TH1$0$0                          main
     0000008D  _CP0RIF                            main
     0000008D  _CP1RIF                            main
     0000008D  _CP2RIF                            main
     0000008D  _TF0                               main
     0000008D  _TH1                               main
     0000008E  G$CKCON$0$0                        main
     0000008E  G$CP0OUT$0$0                       main
     0000008E  G$CP1OUT$0$0                       main
     0000008E  G$CP2OUT$0$0                       main
     0000008E  G$TR1$0$0                          main
     0000008E  _CKCON                             main
     0000008E  _CP0OUT                            main
     0000008E  _CP1OUT                            main
     0000008E  _CP2OUT                            main
     0000008E  _TR1                               main
     0000008F  G$CP0EN$0$0                        main
     0000008F  G$CP1EN$0$0                        main
     0000008F  G$CP2EN$0$0                        main
     0000008F  G$PSCTL$0$0                        main
     0000008F  G$TF1$0$0                          main
     0000008F  _CP0EN                             main
     0000008F  _CP1EN                             main
     0000008F  _CP2EN                             main
     0000008F  _PSCTL                             main
     0000008F  _TF1                               main
     00000090  G$P1$0$0                           main
     00000090  G$P1_0$0$0                         main
     00000090  _P1                                main
     00000090  _P1_0                              main
     00000091  G$P1_1$0$0                         main
     00000091  G$SSTA0$0$0                        main
     00000091  _P1_1                              main
     00000091  _SSTA0                             main
     00000092  G$P1_2$0$0                         main
     00000092  _P1_2                              main
     00000093  G$P1_3$0$0                         main
     00000093  _P1_3                              main
     00000094  G$P1_4$0$0                         main
     00000094  _P1_4                              main
     00000095  G$P1_5$0$0                         main
     00000095  _P1_5                              main
     00000096  G$P1_6$0$0                         main
     00000096  G$SFRPGCN$0$0                      main
     00000096  _P1_6                              main
     00000096  _SFRPGCN                           main
     00000097  G$CLKSEL$0$0                       main
ASxxxx Linker V03.00 + NoICE + sdld,  page 6.
Hexadecimal  [32-Bits]

Area                                    Addr        Size        Decimal Bytes (Attributes)
--------------------------------        ----        ----        ------- ----- ------------
.  .ABS.                            00000000    00000000 =           0. bytes (ABS,CON)

      Value  Global                              Global Defined In Module
      -----  --------------------------------   ------------------------
     00000097  G$P1_7$0$0                         main
     00000097  _CLKSEL                            main
     00000097  _P1_7                              main
     00000098  G$RI0$0$0                          main
     00000098  G$RI1$0$0                          main
     00000098  G$SCON0$0$0                        main
     00000098  G$SCON1$0$0                        main
     00000098  _RI0                               main
     00000098  _RI1                               main
     00000098  _SCON0                             main
     00000098  _SCON1                             main
     00000099  G$SBUF0$0$0                        main
     00000099  G$SBUF1$0$0                        main
     00000099  G$TI0$0$0                          main
     00000099  G$TI1$0$0                          main
     00000099  _SBUF0                             main
     00000099  _SBUF1                             main
     00000099  _TI0                               main
     00000099  _TI1                               main
     0000009A  G$RB80$0$0                         main
     0000009A  G$RB81$0$0                         main
     0000009A  G$SPI0CFG$0$0                      main
     0000009A  _RB80                              main
     0000009A  _RB81                              main
     0000009A  _SPI0CFG                           main
     0000009B  G$SPI0DAT$0$0                      main
     0000009B  G$TB80$0$0                         main
     0000009B  G$TB81$0$0                         main
     0000009B  _SPI0DAT                           main
     0000009B  _TB80                              main
     0000009B  _TB81                              main
     0000009C  G$P4MDOUT$0$0                      main
     0000009C  G$REN0$0$0                         main
     0000009C  G$REN1$0$0                         main
     0000009C  _P4MDOUT                           main
     0000009C  _REN0                              main
     0000009C  _REN1                              main
     0000009D  G$MCE1$0$0                         main
     0000009D  G$P5MDOUT$0$0                      main
     0000009D  G$SM20$0$0                         main
     0000009D  G$SPI0CKR$0$0                      main
     0000009D  _MCE1                              main
     0000009D  _P5MDOUT                           main
     0000009D  _SM20                              main
     0000009D  _SPI0CKR                           main
     0000009E  G$P6MDOUT$0$0                      main
     0000009E  G$SM10$0$0                         main
     0000009E  _P6MDOUT                           main
     0000009E  _SM10                              main
     0000009F  G$P7MDOUT$0$0                      main
     0000009F  G$S1MODE$0$0                       main
ASxxxx Linker V03.00 + NoICE + sdld,  page 7.
Hexadecimal  [32-Bits]

Area                                    Addr        Size        Decimal Bytes (Attributes)
--------------------------------        ----        ----        ------- ----- ------------
.  .ABS.                            00000000    00000000 =           0. bytes (ABS,CON)

      Value  Global                              Global Defined In Module
      -----  --------------------------------   ------------------------
     0000009F  G$SM00$0$0                         main
     0000009F  _P7MDOUT                           main
     0000009F  _S1MODE                            main
     0000009F  _SM00                              main
     000000A0  G$P2$0$0                           main
     000000A0  G$P2_0$0$0                         main
     000000A0  _P2                                main
     000000A0  _P2_0                              main
     000000A1  G$EMI0TC$0$0                       main
     000000A1  G$P2_1$0$0                         main
     000000A1  _EMI0TC                            main
     000000A1  _P2_1                              main
     000000A2  G$EMI0CN$0$0                       main
     000000A2  G$P2_2$0$0                         main
     000000A2  G$_XPAGE$0$0                       main
     000000A2  _EMI0CN                            main
     000000A2  _P2_2                              main
     000000A2  __XPAGE                            main
     000000A3  G$EMI0CF$0$0                       main
     000000A3  G$P2_3$0$0                         main
     000000A3  _EMI0CF                            main
     000000A3  _P2_3                              main
     000000A4  G$P0MDOUT$0$0                      main
     000000A4  G$P2_4$0$0                         main
     000000A4  _P0MDOUT                           main
     000000A4  _P2_4                              main
     000000A5  G$P1MDOUT$0$0                      main
     000000A5  G$P2_5$0$0                         main
     000000A5  _P1MDOUT                           main
     000000A5  _P2_5                              main
     000000A6  G$P2MDOUT$0$0                      main
     000000A6  G$P2_6$0$0                         main
     000000A6  _P2MDOUT                           main
     000000A6  _P2_6                              main
     000000A7  G$P2_7$0$0                         main
     000000A7  G$P3MDOUT$0$0                      main
     000000A7  _P2_7                              main
     000000A7  _P3MDOUT                           main
     000000A8  G$EX0$0$0                          main
     000000A8  G$IE$0$0                           main
     000000A8  _EX0                               main
     000000A8  _IE                                main
     000000A9  G$ET0$0$0                          main
     000000A9  G$SADDR0$0$0                       main
     000000A9  G$SADDR1$0$0                       main
     000000A9  _ET0                               main
     000000A9  _SADDR0                            main
     000000A9  _SADDR1                            main
     000000AA  G$EX1$0$0                          main
     000000AA  _EX1                               main
     000000AB  G$ET1$0$0                          main
ASxxxx Linker V03.00 + NoICE + sdld,  page 8.
Hexadecimal  [32-Bits]

Area                                    Addr        Size        Decimal Bytes (Attributes)
--------------------------------        ----        ----        ------- ----- ------------
.  .ABS.                            00000000    00000000 =           0. bytes (ABS,CON)

      Value  Global                              Global Defined In Module
      -----  --------------------------------   ------------------------
     000000AB  _ET1                               main
     000000AC  G$ES0$0$0                          main
     000000AC  _ES0                               main
     000000AD  G$ET2$0$0                          main
     000000AD  G$P1MDIN$0$0                       main
     000000AD  _ET2                               main
     000000AD  _P1MDIN                            main
     000000AE  G$P2MDIN$0$0                       main
     000000AE  _P2MDIN                            main
     000000AF  G$EA$0$0                           main
     000000AF  G$P3MDIN$0$0                       main
     000000AF  _EA                                main
     000000AF  _P3MDIN                            main
     000000B0  G$P3$0$0                           main
     000000B0  G$P3_0$0$0                         main
     000000B0  _P3                                main
     000000B0  _P3_0                              main
     000000B1  G$P3_1$0$0                         main
     000000B1  _P3_1                              main
     000000B2  G$P3_2$0$0                         main
     000000B2  _P3_2                              main
     000000B3  G$P3_3$0$0                         main
     000000B3  _P3_3                              main
     000000B4  G$P3_4$0$0                         main
     000000B4  _P3_4                              main
     000000B5  G$P3_5$0$0                         main
     000000B5  _P3_5                              main
     000000B6  G$P3_6$0$0                         main
     000000B6  _P3_6                              main
     000000B7  G$FLACL$0$0                        main
     000000B7  G$FLSCL$0$0                        main
     000000B7  G$P3_7$0$0                         main
     000000B7  _FLACL                             main
     000000B7  _FLSCL                             main
     000000B7  _P3_7                              main
     000000B8  G$IP$0$0                           main
     000000B8  G$PX0$0$0                          main
     000000B8  _IP                                main
     000000B8  _PX0                               main
     000000B9  G$PT0$0$0                          main
     000000B9  G$SADEN0$0$0                       main
     000000B9  _PT0                               main
     000000B9  _SADEN0                            main
     000000BA  G$AMX0CF$0$0                       main
     000000BA  G$AMX2CF$0$0                       main
     000000BA  G$PX1$0$0                          main
     000000BA  _AMX0CF                            main
     000000BA  _AMX2CF                            main
     000000BA  _PX1                               main
     000000BB  G$AMX0SL$0$0                       main
     000000BB  G$AMX2SL$0$0                       main
ASxxxx Linker V03.00 + NoICE + sdld,  page 9.
Hexadecimal  [32-Bits]

Area                                    Addr        Size        Decimal Bytes (Attributes)
--------------------------------        ----        ----        ------- ----- ------------
.  .ABS.                            00000000    00000000 =           0. bytes (ABS,CON)

      Value  Global                              Global Defined In Module
      -----  --------------------------------   ------------------------
     000000BB  G$PT1$0$0                          main
     000000BB  _AMX0SL                            main
     000000BB  _AMX2SL                            main
     000000BB  _PT1                               main
     000000BC  G$ADC0CF$0$0                       main
     000000BC  G$ADC2CF$0$0                       main
     000000BC  G$PS0$0$0                          main
     000000BC  _ADC0CF                            main
     000000BC  _ADC2CF                            main
     000000BC  _PS0                               main
     000000BD  G$AMX0PRT$0$0                      main
     000000BD  G$PT2$0$0                          main
     000000BD  _AMX0PRT                           main
     000000BD  _PT2                               main
     000000BE  G$ADC0L$0$0                        main
     000000BE  G$ADC2$0$0                         main
     000000BE  _ADC0L                             main
     000000BE  _ADC2                              main
     000000BF  G$ADC0H$0$0                        main
     000000BF  _ADC0H                             main
     000000C0  G$CAN0STA$0$0                      main
     000000C0  G$LEC0$0$0                         main
     000000C0  G$SMB0CN$0$0                       main
     000000C0  G$SMBTOE$0$0                       main
     000000C0  _CAN0STA                           main
     000000C0  _LEC0                              main
     000000C0  _SMB0CN                            main
     000000C0  _SMBTOE                            main
     000000C1  G$LEC1$0$0                         main
     000000C1  G$SMB0STA$0$0                      main
     000000C1  G$SMBFTE$0$0                       main
     000000C1  _LEC1                              main
     000000C1  _SMB0STA                           main
     000000C1  _SMBFTE                            main
     000000C2  G$AA$0$0                           main
     000000C2  G$LEC2$0$0                         main
     000000C2  G$SMB0DAT$0$0                      main
     000000C2  _AA                                main
     000000C2  _LEC2                              main
     000000C2  _SMB0DAT                           main
     000000C3  G$SI$0$0                           main
     000000C3  G$SMB0ADR$0$0                      main
     000000C3  G$TXOK$0$0                         main
     000000C3  _SI                                main
     000000C3  _SMB0ADR                           main
     000000C3  _TXOK                              main
     000000C4  G$ADC0GTL$0$0                      main
     000000C4  G$ADC2GT$0$0                       main
     000000C4  G$RXOK$0$0                         main
     000000C4  G$STO$0$0                          main
     000000C4  _ADC0GTL                           main
ASxxxx Linker V03.00 + NoICE + sdld,  page 10.
Hexadecimal  [32-Bits]

Area                                    Addr        Size        Decimal Bytes (Attributes)
--------------------------------        ----        ----        ------- ----- ------------
.  .ABS.                            00000000    00000000 =           0. bytes (ABS,CON)

      Value  Global                              Global Defined In Module
      -----  --------------------------------   ------------------------
     000000C4  _ADC2GT                            main
     000000C4  _RXOK                              main
     000000C4  _STO                               main
     000000C5  G$ADC0GTH$0$0                      main
     000000C5  G$EPASS$0$0                        main
     000000C5  G$STA$0$0                          main
     000000C5  _ADC0GTH                           main
     000000C5  _EPASS                             main
     000000C5  _STA                               main
     000000C6  G$ADC0LTL$0$0                      main
     000000C6  G$ADC2LT$0$0                       main
     000000C6  G$ENSMB$0$0                        main
     000000C6  G$EWARN$0$0                        main
     000000C6  _ADC0LTL                           main
     000000C6  _ADC2LT                            main
     000000C6  _ENSMB                             main
     000000C6  _EWARN                             main
     000000C7  G$ADC0LTH$0$0                      main
     000000C7  G$BOFF$0$0                         main
     000000C7  G$BUSY$0$0                         main
     000000C7  _ADC0LTH                           main
     000000C7  _BOFF                              main
     000000C7  _BUSY                              main
     000000C8  G$CPRL2$0$0                        main
     000000C8  G$CPRL3$0$0                        main
     000000C8  G$CPRL4$0$0                        main
     000000C8  G$P4$0$0                           main
     000000C8  G$P4_0$0$0                         main
     000000C8  G$TMR2CN$0$0                       main
     000000C8  G$TMR3CN$0$0                       main
     000000C8  G$TMR4CN$0$0                       main
     000000C8  _CPRL2                             main
     000000C8  _CPRL3                             main
     000000C8  _CPRL4                             main
     000000C8  _P4                                main
     000000C8  _P4_0                              main
     000000C8  _TMR2CN                            main
     000000C8  _TMR3CN                            main
     000000C8  _TMR4CN                            main
     000000C9  G$CT2$0$0                          main
     000000C9  G$CT3$0$0                          main
     000000C9  G$CT4$0$0                          main
     000000C9  G$P4_1$0$0                         main
     000000C9  G$TMR2CF$0$0                       main
     000000C9  G$TMR3CF$0$0                       main
     000000C9  G$TMR4CF$0$0                       main
     000000C9  _CT2                               main
     000000C9  _CT3                               main
     000000C9  _CT4                               main
     000000C9  _P4_1                              main
     000000C9  _TMR2CF                            main
ASxxxx Linker V03.00 + NoICE + sdld,  page 11.
Hexadecimal  [32-Bits]

Area                                    Addr        Size        Decimal Bytes (Attributes)
--------------------------------        ----        ----        ------- ----- ------------
.  .ABS.                            00000000    00000000 =           0. bytes (ABS,CON)

      Value  Global                              Global Defined In Module
      -----  --------------------------------   ------------------------
     000000C9  _TMR3CF                            main
     000000C9  _TMR4CF                            main
     000000CA  G$P4_2$0$0                         main
     000000CA  G$RCAP2L$0$0                       main
     000000CA  G$RCAP3L$0$0                       main
     000000CA  G$RCAP4L$0$0                       main
     000000CA  G$TR2$0$0                          main
     000000CA  G$TR3$0$0                          main
     000000CA  G$TR4$0$0                          main
     000000CA  _P4_2                              main
     000000CA  _RCAP2L                            main
     000000CA  _RCAP3L                            main
     000000CA  _RCAP4L                            main
     000000CA  _TR2                               main
     000000CA  _TR3                               main
     000000CA  _TR4                               main
     000000CB  G$EXEN2$0$0                        main
     000000CB  G$EXEN3$0$0                        main
     000000CB  G$EXEN4$0$0                        main
     000000CB  G$P4_3$0$0                         main
     000000CB  G$RCAP2H$0$0                       main
     000000CB  G$RCAP3H$0$0                       main
     000000CB  G$RCAP4H$0$0                       main
     000000CB  _EXEN2                             main
     000000CB  _EXEN3                             main
     000000CB  _EXEN4                             main
     000000CB  _P4_3                              main
     000000CB  _RCAP2H                            main
     000000CB  _RCAP3H                            main
     000000CB  _RCAP4H                            main
     000000CC  G$P4_4$0$0                         main
     000000CC  G$TMR2L$0$0                        main
     000000CC  G$TMR3L$0$0                        main
     000000CC  G$TMR4L$0$0                        main
     000000CC  _P4_4                              main
     000000CC  _TMR2L                             main
     000000CC  _TMR3L                             main
     000000CC  _TMR4L                             main
     000000CD  G$P4_5$0$0                         main
     000000CD  G$TMR2H$0$0                        main
     000000CD  G$TMR3H$0$0                        main
     000000CD  G$TMR4H$0$0                        main
     000000CD  _P4_5                              main
     000000CD  _TMR2H                             main
     000000CD  _TMR3H                             main
     000000CD  _TMR4H                             main
     000000CE  G$EXF2$0$0                         main
     000000CE  G$EXF3$0$0                         main
     000000CE  G$EXF4$0$0                         main
     000000CE  G$P4_6$0$0                         main
     000000CE  _EXF2                              main
ASxxxx Linker V03.00 + NoICE + sdld,  page 12.
Hexadecimal  [32-Bits]

Area                                    Addr        Size        Decimal Bytes (Attributes)
--------------------------------        ----        ----        ------- ----- ------------
.  .ABS.                            00000000    00000000 =           0. bytes (ABS,CON)

      Value  Global                              Global Defined In Module
      -----  --------------------------------   ------------------------
     000000CE  _EXF3                              main
     000000CE  _EXF4                              main
     000000CE  _P4_6                              main
     000000CF  G$P4_7$0$0                         main
     000000CF  G$SMB0CR$0$0                       main
     000000CF  G$TF2$0$0                          main
     000000CF  G$TF3$0$0                          main
     000000CF  G$TF4$0$0                          main
     000000CF  _P4_7                              main
     000000CF  _SMB0CR                            main
     000000CF  _TF2                               main
     000000CF  _TF3                               main
     000000CF  _TF4                               main
     000000D0  G$P$0$0                            main
     000000D0  G$PSW$0$0                          main
     000000D0  _P                                 main
     000000D0  _PSW                               main
     000000D1  G$F1$0$0                           main
     000000D1  G$REF0CN$0$0                       main
     000000D1  _F1                                main
     000000D1  _REF0CN                            main
     000000D2  G$DAC0L$0$0                        main
     000000D2  G$DAC1L$0$0                        main
     000000D2  G$OV$0$0                           main
     000000D2  _DAC0L                             main
     000000D2  _DAC1L                             main
     000000D2  _OV                                main
     000000D3  G$DAC0H$0$0                        main
     000000D3  G$DAC1H$0$0                        main
     000000D3  G$RS0$0$0                          main
     000000D3  _DAC0H                             main
     000000D3  _DAC1H                             main
     000000D3  _RS0                               main
     000000D4  G$DAC0CN$0$0                       main
     000000D4  G$DAC1CN$0$0                       main
     000000D4  G$RS1$0$0                          main
     000000D4  _DAC0CN                            main
     000000D4  _DAC1CN                            main
     000000D4  _RS1                               main
     000000D5  G$F0$0$0                           main
     000000D5  _F0                                main
     000000D6  G$AC$0$0                           main
     000000D6  G$HVA0CN$0$0                       main
     000000D6  _AC                                main
     000000D6  _HVA0CN                            main
     000000D7  G$CY$0$0                           main
     000000D7  _CY                                main
     000000D8  G$CAN0DATL$0$0                     main
     000000D8  G$CCF0$0$0                         main
     000000D8  G$P5$0$0                           main
     000000D8  G$P5_0$0$0                         main
ASxxxx Linker V03.00 + NoICE + sdld,  page 13.
Hexadecimal  [32-Bits]

Area                                    Addr        Size        Decimal Bytes (Attributes)
--------------------------------        ----        ----        ------- ----- ------------
.  .ABS.                            00000000    00000000 =           0. bytes (ABS,CON)

      Value  Global                              Global Defined In Module
      -----  --------------------------------   ------------------------
     000000D8  G$PCA0CN$0$0                       main
     000000D8  _CAN0DATL                          main
     000000D8  _CCF0                              main
     000000D8  _P5                                main
     000000D8  _P5_0                              main
     000000D8  _PCA0CN                            main
     000000D9  G$CAN0DATH$0$0                     main
     000000D9  G$CCF1$0$0                         main
     000000D9  G$P5_1$0$0                         main
     000000D9  G$PCA0MD$0$0                       main
     000000D9  _CAN0DATH                          main
     000000D9  _CCF1                              main
     000000D9  _P5_1                              main
     000000D9  _PCA0MD                            main
     000000DA  G$CAN0ADR$0$0                      main
     000000DA  G$CCF2$0$0                         main
     000000DA  G$P5_2$0$0                         main
     000000DA  G$PCA0CPM0$0$0                     main
     000000DA  _CAN0ADR                           main
     000000DA  _CCF2                              main
     000000DA  _P5_2                              main
     000000DA  _PCA0CPM0                          main
     000000DB  G$CAN0TST$0$0                      main
     000000DB  G$CCF3$0$0                         main
     000000DB  G$P5_3$0$0                         main
     000000DB  G$PCA0CPM1$0$0                     main
     000000DB  _CAN0TST                           main
     000000DB  _CCF3                              main
     000000DB  _P5_3                              main
     000000DB  _PCA0CPM1                          main
     000000DC  G$CCF4$0$0                         main
     000000DC  G$P5_4$0$0                         main
     000000DC  G$PCA0CPM2$0$0                     main
     000000DC  _CCF4                              main
     000000DC  _P5_4                              main
     000000DC  _PCA0CPM2                          main
     000000DD  G$CCF5$0$0                         main
     000000DD  G$P5_5$0$0                         main
     000000DD  G$PCA0CPM3$0$0                     main
     000000DD  _CCF5                              main
     000000DD  _P5_5                              main
     000000DD  _PCA0CPM3                          main
     000000DE  G$CR$0$0                           main
     000000DE  G$P5_6$0$0                         main
     000000DE  G$PCA0CPM4$0$0                     main
     000000DE  _CR                                main
     000000DE  _P5_6                              main
     000000DE  _PCA0CPM4                          main
     000000DF  G$CF$0$0                           main
     000000DF  G$P5_7$0$0                         main
     000000DF  G$PCA0CPM5$0$0                     main
ASxxxx Linker V03.00 + NoICE + sdld,  page 14.
Hexadecimal  [32-Bits]

Area                                    Addr        Size        Decimal Bytes (Attributes)
--------------------------------        ----        ----        ------- ----- ------------
.  .ABS.                            00000000    00000000 =           0. bytes (ABS,CON)

      Value  Global                              Global Defined In Module
      -----  --------------------------------   ------------------------
     000000DF  _CF                                main
     000000DF  _P5_7                              main
     000000DF  _PCA0CPM5                          main
     000000E0  G$ACC$0$0                          main
     000000E0  _ACC                               main
     000000E1  G$PCA0CPL5$0$0                     main
     000000E1  G$XBR0$0$0                         main
     000000E1  _PCA0CPL5                          main
     000000E1  _XBR0                              main
     000000E2  G$PCA0CPH5$0$0                     main
     000000E2  G$XBR1$0$0                         main
     000000E2  _PCA0CPH5                          main
     000000E2  _XBR1                              main
     000000E3  G$XBR2$0$0                         main
     000000E3  _XBR2                              main
     000000E4  G$XBR3$0$0                         main
     000000E4  _XBR3                              main
     000000E6  G$EIE1$0$0                         main
     000000E6  _EIE1                              main
     000000E7  G$EIE2$0$0                         main
     000000E7  _EIE2                              main
     000000E8  G$AD0LJST$0$0                      main
     000000E8  G$AD2WINT$0$0                      main
     000000E8  G$ADC0CN$0$0                       main
     000000E8  G$ADC2CN$0$0                       main
     000000E8  G$P6$0$0                           main
     000000E8  G$P6_0$0$0                         main
     000000E8  _AD0LJST                           main
     000000E8  _AD2WINT                           main
     000000E8  _ADC0CN                            main
     000000E8  _ADC2CN                            main
     000000E8  _P6                                main
     000000E8  _P6_0                              main
     000000E9  G$AD0WINT$0$0                      main
     000000E9  G$AD2CM0$0$0                       main
     000000E9  G$P6_1$0$0                         main
     000000E9  G$PCA0CPL2$0$0                     main
     000000E9  _AD0WINT                           main
     000000E9  _AD2CM0                            main
     000000E9  _P6_1                              main
     000000E9  _PCA0CPL2                          main
     000000EA  G$AD0CM0$0$0                       main
     000000EA  G$AD2CM1$0$0                       main
     000000EA  G$P6_2$0$0                         main
     000000EA  G$PCA0CPH2$0$0                     main
     000000EA  _AD0CM0                            main
     000000EA  _AD2CM1                            main
     000000EA  _P6_2                              main
     000000EA  _PCA0CPH2                          main
     000000EB  G$AD0CM1$0$0                       main
     000000EB  G$AD2CM2$0$0                       main
ASxxxx Linker V03.00 + NoICE + sdld,  page 15.
Hexadecimal  [32-Bits]

Area                                    Addr        Size        Decimal Bytes (Attributes)
--------------------------------        ----        ----        ------- ----- ------------
.  .ABS.                            00000000    00000000 =           0. bytes (ABS,CON)

      Value  Global                              Global Defined In Module
      -----  --------------------------------   ------------------------
     000000EB  G$P6_3$0$0                         main
     000000EB  G$PCA0CPL3$0$0                     main
     000000EB  _AD0CM1                            main
     000000EB  _AD2CM2                            main
     000000EB  _P6_3                              main
     000000EB  _PCA0CPL3                          main
     000000EC  G$AD0BUSY$0$0                      main
     000000EC  G$AD2BUSY$0$0                      main
     000000EC  G$P6_4$0$0                         main
     000000EC  G$PCA0CPH3$0$0                     main
     000000EC  _AD0BUSY                           main
     000000EC  _AD2BUSY                           main
     000000EC  _P6_4                              main
     000000EC  _PCA0CPH3                          main
     000000ED  G$AD0INT$0$0                       main
     000000ED  G$AD2INT$0$0                       main
     000000ED  G$P6_5$0$0                         main
     000000ED  G$PCA0CPL4$0$0                     main
     000000ED  _AD0INT                            main
     000000ED  _AD2INT                            main
     000000ED  _P6_5                              main
     000000ED  _PCA0CPL4                          main
     000000EE  G$AD0TM$0$0                        main
     000000EE  G$AD2TM$0$0                        main
     000000EE  G$P6_6$0$0                         main
     000000EE  G$PCA0CPH4$0$0                     main
     000000EE  _AD0TM                             main
     000000EE  _AD2TM                             main
     000000EE  _P6_6                              main
     000000EE  _PCA0CPH4                          main
     000000EF  G$AD0EN$0$0                        main
     000000EF  G$AD2EN$0$0                        main
     000000EF  G$P6_7$0$0                         main
     000000EF  G$RSTSRC$0$0                       main
     000000EF  _AD0EN                             main
     000000EF  _AD2EN                             main
     000000EF  _P6_7                              main
     000000EF  _RSTSRC                            main
     000000F0  G$B$0$0                            main
     000000F0  _B                                 main
     000000F5  _B_5                               _gptrget
     000000F6  G$EIP1$0$0                         main
     000000F6  _B_6                               _gptrget
     000000F6  _EIP1                              main
     000000F7  G$EIP2$0$0                         main
     000000F7  _B_7                               _gptrget
     000000F7  _EIP2                              main
     000000F8  G$CAN0CN$0$0                       main
     000000F8  G$CANINIT$0$0                      main
     000000F8  G$P7$0$0                           main
     000000F8  G$P7_0$0$0                         main
ASxxxx Linker V03.00 + NoICE + sdld,  page 16.
Hexadecimal  [32-Bits]

Area                                    Addr        Size        Decimal Bytes (Attributes)
--------------------------------        ----        ----        ------- ----- ------------
.  .ABS.                            00000000    00000000 =           0. bytes (ABS,CON)

      Value  Global                              Global Defined In Module
      -----  --------------------------------   ------------------------
     000000F8  G$SPI0CN$0$0                       main
     000000F8  G$SPIEN$0$0                        main
     000000F8  _CAN0CN                            main
     000000F8  _CANINIT                           main
     000000F8  _P7                                main
     000000F8  _P7_0                              main
     000000F8  _SPI0CN                            main
     000000F8  _SPIEN                             main
     000000F9  G$CANIE$0$0                        main
     000000F9  G$P7_1$0$0                         main
     000000F9  G$PCA0L$0$0                        main
     000000F9  G$TXBMT$0$0                        main
     000000F9  _CANIE                             main
     000000F9  _P7_1                              main
     000000F9  _PCA0L                             main
     000000F9  _TXBMT                             main
     000000FA  G$CANSIE$0$0                       main
     000000FA  G$NSSMD0$0$0                       main
     000000FA  G$P7_2$0$0                         main
     000000FA  G$PCA0H$0$0                        main
     000000FA  _CANSIE                            main
     000000FA  _NSSMD0                            main
     000000FA  _P7_2                              main
     000000FA  _PCA0H                             main
     000000FB  G$CANEIE$0$0                       main
     000000FB  G$NSSMD1$0$0                       main
     000000FB  G$P7_3$0$0                         main
     000000FB  G$PCA0CPL0$0$0                     main
     000000FB  _CANEIE                            main
     000000FB  _NSSMD1                            main
     000000FB  _P7_3                              main
     000000FB  _PCA0CPL0                          main
     000000FC  G$CANIF$0$0                        main
     000000FC  G$P7_4$0$0                         main
     000000FC  G$PCA0CPH0$0$0                     main
     000000FC  G$RXOVRN$0$0                       main
     000000FC  _CANIF                             main
     000000FC  _P7_4                              main
     000000FC  _PCA0CPH0                          main
     000000FC  _RXOVRN                            main
     000000FD  G$CANDAR$0$0                       main
     000000FD  G$MODF$0$0                         main
     000000FD  G$P7_5$0$0                         main
     000000FD  G$PCA0CPL1$0$0                     main
     000000FD  _CANDAR                            main
     000000FD  _MODF                              main
     000000FD  _P7_5                              main
     000000FD  _PCA0CPL1                          main
     000000FE  G$CANCCE$0$0                       main
     000000FE  G$P7_6$0$0                         main
     000000FE  G$PCA0CPH1$0$0                     main
ASxxxx Linker V03.00 + NoICE + sdld,  page 17.
Hexadecimal  [32-Bits]

Area                                    Addr        Size        Decimal Bytes (Attributes)
--------------------------------        ----        ----        ------- ----- ------------
.  .ABS.                            00000000    00000000 =           0. bytes (ABS,CON)

      Value  Global                              Global Defined In Module
      -----  --------------------------------   ------------------------
     000000FE  G$WCOL$0$0                         main
     000000FE  _CANCCE                            main
     000000FE  _P7_6                              main
     000000FE  _PCA0CPH1                          main
     000000FE  _WCOL                              main
     000000FF  G$CANTEST$0$0                      main
     000000FF  G$P7_7$0$0                         main
     000000FF  G$SPIF$0$0                         main
     000000FF  G$WDTCN$0$0                        main
     000000FF  _CANTEST                           main
     000000FF  _P7_7                              main
     000000FF  _SPIF                              main
     000000FF  _WDTCN                             main
     00008382  G$DP$0$0                           main
     00008382  _DP                                main
     0000BFBE  G$ADC0$0$0                         main
     0000BFBE  _ADC0                              main
     0000C5C4  G$ADC0GT$0$0                       main
     0000C5C4  _ADC0GT                            main
     0000C7C6  G$ADC0LT$0$0                       main
     0000C7C6  _ADC0LT                            main
     0000CBCA  G$RCAP2$0$0                        main
     0000CBCA  G$RCAP3$0$0                        main
     0000CBCA  G$RCAP4$0$0                        main
     0000CBCA  _RCAP2                             main
     0000CBCA  _RCAP3                             main
     0000CBCA  _RCAP4                             main
     0000CDCC  G$TMR2$0$0                         main
     0000CDCC  G$TMR3$0$0                         main
     0000CDCC  G$TMR4$0$0                         main
     0000CDCC  _TMR2                              main
     0000CDCC  _TMR3                              main
     0000CDCC  _TMR4                              main
     0000D3D2  G$DAC0$0$0                         main
     0000D3D2  G$DAC1$0$0                         main
     0000D3D2  _DAC0                              main
     0000D3D2  _DAC1                              main
     0000D9D8  G$CAN0DAT$0$0                      main
     0000D9D8  _CAN0DAT                           main
     0000E2E1  G$PCA0CP5$0$0                      main
     0000E2E1  _PCA0CP5                           main
     0000EAE9  G$PCA0CP2$0$0                      main
     0000EAE9  _PCA0CP2                           main
     0000ECEB  G$PCA0CP3$0$0                      main
     0000ECEB  _PCA0CP3                           main
     0000EEED  G$PCA0CP4$0$0                      main
     0000EEED  _PCA0CP4                           main
     0000FAF9  G$PCA0$0$0                         main
     0000FAF9  _PCA0                              main
     0000FCFB  G$PCA0CP0$0$0                      main
     0000FCFB  _PCA0CP0                           main
ASxxxx Linker V03.00 + NoICE + sdld,  page 18.
Hexadecimal  [32-Bits]

Area                                    Addr        Size        Decimal Bytes (Attributes)
--------------------------------        ----        ----        ------- ----- ------------
.  .ABS.                            00000000    00000000 =           0. bytes (ABS,CON)

      Value  Global                              Global Defined In Module
      -----  --------------------------------   ------------------------
     0000FEFD  G$PCA0CP1$0$0                      main
     0000FEFD  _PCA0CP1                           main

ASxxxx Linker V03.00 + NoICE + sdld,  page 19.
Hexadecimal  [32-Bits]

Area                                    Addr        Size        Decimal Bytes (Attributes)
--------------------------------        ----        ----        ------- ----- ------------
BSEG_BYTES                          00000020    00000003 =           3. bytes (REL,CON)

      Value  Global                              Global Defined In Module
      -----  --------------------------------   ------------------------
ASxxxx Linker V03.00 + NoICE + sdld,  page 20.
Hexadecimal  [32-Bits]

Area                                    Addr        Size        Decimal Bytes (Attributes)
--------------------------------        ----        ----        ------- ----- ------------
REG_BANK_0                          00000000    00000008 =           8. bytes (REL,OVR)

      Value  Global                              Global Defined In Module
      -----  --------------------------------   ------------------------
ASxxxx Linker V03.00 + NoICE + sdld,  page 21.
Hexadecimal  [32-Bits]

Area                                    Addr        Size        Decimal Bytes (Attributes)
--------------------------------        ----        ----        ------- ----- ------------
DSEG                                00000000    00000076 =         118. bytes (REL,CON)

      Value  Global                              Global Defined In Module
      -----  --------------------------------   ------------------------
     00000008  G$conta_caractere$0$0              main
     00000008  _conta_caractere                   main
     00000009  G$end_fim_ram$0$0                  main
     00000009  _end_fim_ram                       main
     0000000B  G$TECLA$0$0                        main
     0000000B  _TECLA                             main
     0000000C  G$tecla$0$0                        main
     0000000C  _tecla                             main
     00000013  _bp                                _bp
ASxxxx Linker V03.00 + NoICE + sdld,  page 22.
Hexadecimal  [32-Bits]

Area                                    Addr        Size        Decimal Bytes (Attributes)
--------------------------------        ----        ----        ------- ----- ------------
OSEG                                00000014    00000002 =           2. bytes (REL,OVR)

      Value  Global                              Global Defined In Module
      -----  --------------------------------   ------------------------
     00000014  Lmain.esc_RAM_SPI$dado$1$62        main
     00000014  __divsint_PARM_2                   _divuint
     00000014  __divuint_PARM_2                   _divuint
     00000014  __modsint_PARM_2                   _moduint
     00000014  __moduint_PARM_2                   _moduint
     00000014  __mulint_PARM_2                    _mulint
     00000014  _esc_RAM_SPI_PARM_2                main

ASxxxx Linker V03.00 + NoICE + sdld,  page 23.
Hexadecimal  [32-Bits]

Area                                    Addr        Size        Decimal Bytes (Attributes)
--------------------------------        ----        ----        ------- ----- ------------
SSEG                                00000023    000000DD =         221. bytes (REL,OVR)

      Value  Global                              Global Defined In Module
      -----  --------------------------------   ------------------------
     00000023  __start__stack                     main

ASxxxx Linker V03.00 + NoICE + sdld,  page 24.
Hexadecimal  [32-Bits]

Area                                    Addr        Size        Decimal Bytes (Attributes)
--------------------------------        ----        ----        ------- ----- ------------
HOME                                00000000    00000029 =          41. bytes (REL,CON,CODE)

      Value  Global                              Global Defined In Module
      -----  --------------------------------   ------------------------
C:   00000000  A$main$1339                        main
C:   00000003  A$main$1340                        main
C:   0000000B  A$main$1342                        main
C:   00000013  A$main$1344                        main
C:   0000001B  A$main$1346                        main
C:   00000023  A$main$1348                        main
C:   00000026  A$main$1387                        main
C:   00000026  __sdcc_program_startup             main

ASxxxx Linker V03.00 + NoICE + sdld,  page 25.
Hexadecimal  [32-Bits]

Area                                    Addr        Size        Decimal Bytes (Attributes)
--------------------------------        ----        ----        ------- ----- ------------
GSINIT0                             00000029    00000003 =           3. bytes (REL,CON,CODE)

      Value  Global                              Global Defined In Module
      -----  --------------------------------   ------------------------
C:   00000029  __sdcc_gsinit_startup              

ASxxxx Linker V03.00 + NoICE + sdld,  page 26.
Hexadecimal  [32-Bits]

Area                                    Addr        Size        Decimal Bytes (Attributes)
--------------------------------        ----        ----        ------- ----- ------------
GSINIT2                             0000002C    0000000A =          10. bytes (REL,CON,CODE)

      Value  Global                              Global Defined In Module
      -----  --------------------------------   ------------------------
ASxxxx Linker V03.00 + NoICE + sdld,  page 27.
Hexadecimal  [32-Bits]

Area                                    Addr        Size        Decimal Bytes (Attributes)
--------------------------------        ----        ----        ------- ----- ------------
GSINIT3                             00000036    00000022 =          34. bytes (REL,CON,CODE)

      Value  Global                              Global Defined In Module
      -----  --------------------------------   ------------------------
C:   00000036  __mcs51_genXINIT                   

ASxxxx Linker V03.00 + NoICE + sdld,  page 28.
Hexadecimal  [32-Bits]

Area                                    Addr        Size        Decimal Bytes (Attributes)
--------------------------------        ----        ----        ------- ----- ------------
GSINIT4                             00000058    0000002A =          42. bytes (REL,CON,CODE)

      Value  Global                              Global Defined In Module
      -----  --------------------------------   ------------------------
C:   00000058  __mcs51_genRAMCLEAR                
C:   0000005E  __mcs51_genXRAMCLEAR               

ASxxxx Linker V03.00 + NoICE + sdld,  page 29.
Hexadecimal  [32-Bits]

Area                                    Addr        Size        Decimal Bytes (Attributes)
--------------------------------        ----        ----        ------- ----- ------------
GSINIT                              00000082    0000000F =          15. bytes (REL,CON,CODE)

      Value  Global                              Global Defined In Module
      -----  --------------------------------   ------------------------
C:   00000082  A$main$1364                        main
C:   00000082  C$output_glcd.h$24$1$96            main
C:   00000085  A$main$1367                        main
C:   00000085  C$mem_spi.h$15$1$96                main
C:   00000086  A$main$1368                        main
C:   00000088  A$main$1369                        main
C:   0000008A  A$main$1372                        main
C:   0000008A  C$main.c$29$1$96                   main
C:   0000008D  A$main$1375                        main
C:   0000008D  C$output_glcd.h$25$1$96            main
C:   0000008F  A$main$1378                        main
C:   0000008F  C$main.c$33$1$96                   main
ASxxxx Linker V03.00 + NoICE + sdld,  page 30.
Hexadecimal  [32-Bits]

Area                                    Addr        Size        Decimal Bytes (Attributes)
--------------------------------        ----        ----        ------- ----- ------------
GSFINAL                             00000091    00000003 =           3. bytes (REL,CON,CODE)

      Value  Global                              Global Defined In Module
      -----  --------------------------------   ------------------------
C:   00000091  A$main$1380                        main

ASxxxx Linker V03.00 + NoICE + sdld,  page 31.
Hexadecimal  [32-Bits]

Area                                    Addr        Size        Decimal Bytes (Attributes)
--------------------------------        ----        ----        ------- ----- ------------
CSEG                                00000094    00000ECD =        3789. bytes (REL,CON,CODE)

      Value  Global                              Global Defined In Module
      -----  --------------------------------   ------------------------
C:   00000094  A$main$1413                        main
C:   00000094  C$config.c$10$0$0                  main
C:   00000094  C$config.c$12$1$14                 main
C:   00000094  G$Reset_Sources_Init$0$0           main
C:   00000094  _Reset_Sources_Init                main
C:   00000097  A$main$1416                        main
C:   00000097  C$config.c$13$1$14                 main
C:   0000009A  A$main$1419                        main
C:   0000009A  C$config.c$14$1$14                 main
C:   0000009A  XG$Reset_Sources_Init$0$0          main
C:   0000009B  A$main$1432                        main
C:   0000009B  C$config.c$16$1$14                 main
C:   0000009B  C$config.c$18$1$15                 main
C:   0000009B  G$Timer_Init$0$0                   main
C:   0000009B  _Timer_Init                        main
C:   0000009E  A$main$1435                        main
C:   0000009E  C$config.c$19$1$15                 main
C:   000000A1  A$main$1438                        main
C:   000000A1  C$config.c$20$1$15                 main
C:   000000A4  A$main$1441                        main
C:   000000A4  C$config.c$21$1$15                 main
C:   000000A7  A$main$1444                        main
C:   000000A7  C$config.c$22$1$15                 main
C:   000000AA  A$main$1447                        main
C:   000000AA  C$config.c$23$1$15                 main
C:   000000AD  A$main$1450                        main
C:   000000AD  C$config.c$24$1$15                 main
C:   000000B0  A$main$1453                        main
C:   000000B0  C$config.c$25$1$15                 main
C:   000000B3  A$main$1456                        main
C:   000000B3  C$config.c$26$1$15                 main
C:   000000B6  A$main$1459                        main
C:   000000B6  C$config.c$27$1$15                 main
C:   000000B9  A$main$1462                        main
C:   000000B9  C$config.c$28$1$15                 main
C:   000000BC  A$main$1465                        main
C:   000000BC  C$config.c$29$1$15                 main
C:   000000BF  A$main$1468                        main
C:   000000BF  C$config.c$30$1$15                 main
C:   000000C2  A$main$1471                        main
C:   000000C2  C$config.c$31$1$15                 main
C:   000000C5  A$main$1474                        main
C:   000000C5  C$config.c$32$1$15                 main
C:   000000C5  XG$Timer_Init$0$0                  main
C:   000000C6  A$main$1487                        main
C:   000000C6  C$config.c$34$1$15                 main
C:   000000C6  C$config.c$36$1$16                 main
C:   000000C6  G$UART_Init$0$0                    main
C:   000000C6  _UART_Init                         main
C:   000000C9  A$main$1490                        main
ASxxxx Linker V03.00 + NoICE + sdld,  page 32.
Hexadecimal  [32-Bits]

Area                                    Addr        Size        Decimal Bytes (Attributes)
--------------------------------        ----        ----        ------- ----- ------------
CSEG                                00000094    00000ECD =        3789. bytes (REL,CON,CODE)

      Value  Global                              Global Defined In Module
      -----  --------------------------------   ------------------------
C:   000000C9  C$config.c$37$1$16                 main
C:   000000CC  A$main$1493                        main
C:   000000CC  C$config.c$38$1$16                 main
C:   000000CC  XG$UART_Init$0$0                   main
C:   000000CD  A$main$1506                        main
C:   000000CD  C$config.c$40$1$16                 main
C:   000000CD  C$config.c$42$1$17                 main
C:   000000CD  G$SMBus_Init$0$0                   main
C:   000000CD  _SMBus_Init                        main
C:   000000D0  A$main$1509                        main
C:   000000D0  C$config.c$43$1$17                 main
C:   000000D3  A$main$1512                        main
C:   000000D3  C$config.c$44$1$17                 main
C:   000000D3  XG$SMBus_Init$0$0                  main
C:   000000D4  A$main$1525                        main
C:   000000D4  C$config.c$46$1$17                 main
C:   000000D4  C$config.c$48$1$18                 main
C:   000000D4  G$SPI_Init$0$0                     main
C:   000000D4  _SPI_Init                          main
C:   000000D7  A$main$1528                        main
C:   000000D7  C$config.c$49$1$18                 main
C:   000000DA  A$main$1531                        main
C:   000000DA  C$config.c$50$1$18                 main
C:   000000DD  A$main$1534                        main
C:   000000DD  C$config.c$51$1$18                 main
C:   000000E0  A$main$1537                        main
C:   000000E0  C$config.c$52$1$18                 main
C:   000000E0  XG$SPI_Init$0$0                    main
C:   000000E1  A$main$1550                        main
C:   000000E1  C$config.c$54$1$18                 main
C:   000000E1  C$config.c$56$1$19                 main
C:   000000E1  G$ADC_Init$0$0                     main
C:   000000E1  _ADC_Init                          main
C:   000000E4  A$main$1553                        main
C:   000000E4  C$config.c$57$1$19                 main
C:   000000E7  A$main$1556                        main
C:   000000E7  C$config.c$58$1$19                 main
C:   000000E7  XG$ADC_Init$0$0                    main
C:   000000E8  A$main$1569                        main
C:   000000E8  C$config.c$60$1$19                 main
C:   000000E8  C$config.c$62$1$20                 main
C:   000000E8  G$DAC_Init$0$0                     main
C:   000000E8  _DAC_Init                          main
C:   000000EB  A$main$1572                        main
C:   000000EB  C$config.c$63$1$20                 main
C:   000000EE  A$main$1575                        main
C:   000000EE  C$config.c$64$1$20                 main
C:   000000EE  XG$DAC_Init$0$0                    main
C:   000000EF  A$main$1588                        main
C:   000000EF  C$config.c$66$1$20                 main
C:   000000EF  C$config.c$68$1$21                 main
ASxxxx Linker V03.00 + NoICE + sdld,  page 33.
Hexadecimal  [32-Bits]

Area                                    Addr        Size        Decimal Bytes (Attributes)
--------------------------------        ----        ----        ------- ----- ------------
CSEG                                00000094    00000ECD =        3789. bytes (REL,CON,CODE)

      Value  Global                              Global Defined In Module
      -----  --------------------------------   ------------------------
C:   000000EF  G$Voltage_Reference_Init$0$0       main
C:   000000EF  _Voltage_Reference_Init            main
C:   000000F2  A$main$1591                        main
C:   000000F2  C$config.c$69$1$21                 main
C:   000000F5  A$main$1594                        main
C:   000000F5  C$config.c$70$1$21                 main
C:   000000F5  XG$Voltage_Reference_Init$0$0      main
C:   000000F6  A$main$1607                        main
C:   000000F6  C$config.c$110$1$22                main
C:   000000F6  C$config.c$72$1$21                 main
C:   000000F6  G$Port_IO_Init$0$0                 main
C:   000000F6  _Port_IO_Init                      main
C:   000000F9  A$main$1610                        main
C:   000000F9  C$config.c$111$1$22                main
C:   000000FC  A$main$1613                        main
C:   000000FC  C$config.c$112$1$22                main
C:   000000FF  A$main$1616                        main
C:   000000FF  C$config.c$113$1$22                main
C:   00000102  A$main$1619                        main
C:   00000102  C$config.c$114$1$22                main
C:   00000105  A$main$1622                        main
C:   00000105  C$config.c$115$1$22                main
C:   00000105  XG$Port_IO_Init$0$0                main
C:   00000106  A$main$1637                        main
C:   00000106  C$config.c$117$1$22                main
C:   00000106  C$config.c$120$1$23                main
C:   00000106  G$Oscillator_Init$0$0              main
C:   00000106  _Oscillator_Init                   main
C:   00000109  A$main$1640                        main
C:   00000109  C$config.c$121$1$23                main
C:   0000010C  A$main$1643                        main
C:   0000010C  C$config.c$122$1$23                main
C:   0000010E  A$main$1644                        main
C:   00000110  A$main$1646                        main
C:   00000111  A$main$1647                        main
C:   00000113  A$main$1648                        main
C:   00000114  A$main$1649                        main
C:   00000115  A$main$1650                        main
C:   00000117  A$main$1651                        main
C:   00000118  A$main$1652                        main
C:   0000011A  A$main$1653                        main
C:   0000011C  A$main$1654                        main
C:   0000011D  A$main$1655                        main
C:   0000011E  A$main$1656                        main
C:   00000120  A$main$1660                        main
C:   00000120  C$config.c$123$1$23                main
C:   00000122  A$main$1661                        main
C:   00000125  A$main$1664                        main
C:   00000125  C$config.c$124$1$23                main
C:   00000128  A$main$1667                        main
C:   00000128  C$config.c$125$1$23                main
ASxxxx Linker V03.00 + NoICE + sdld,  page 34.
Hexadecimal  [32-Bits]

Area                                    Addr        Size        Decimal Bytes (Attributes)
--------------------------------        ----        ----        ------- ----- ------------
CSEG                                00000094    00000ECD =        3789. bytes (REL,CON,CODE)

      Value  Global                              Global Defined In Module
      -----  --------------------------------   ------------------------
C:   00000128  XG$Oscillator_Init$0$0             main
C:   00000129  A$main$1680                        main
C:   00000129  C$config.c$127$1$23                main
C:   00000129  C$config.c$129$1$24                main
C:   00000129  G$Interrupts_Init$0$0              main
C:   00000129  _Interrupts_Init                   main
C:   0000012C  A$main$1683                        main
C:   0000012C  C$config.c$130$1$24                main
C:   0000012C  XG$Interrupts_Init$0$0             main
C:   0000012D  A$main$1696                        main
C:   0000012D  C$config.c$134$1$24                main
C:   0000012D  C$config.c$136$1$26                main
C:   0000012D  G$Init_Device$0$0                  main
C:   0000012D  _Init_Device                       main
C:   00000130  A$main$1699                        main
C:   00000130  C$config.c$137$1$26                main
C:   00000133  A$main$1702                        main
C:   00000133  C$config.c$138$1$26                main
C:   00000136  A$main$1705                        main
C:   00000136  C$config.c$139$1$26                main
C:   00000139  A$main$1708                        main
C:   00000139  C$config.c$140$1$26                main
C:   0000013C  A$main$1711                        main
C:   0000013C  C$config.c$141$1$26                main
C:   0000013F  A$main$1714                        main
C:   0000013F  C$config.c$142$1$26                main
C:   00000142  A$main$1717                        main
C:   00000142  C$config.c$143$1$26                main
C:   00000145  A$main$1720                        main
C:   00000145  C$config.c$144$1$26                main
C:   00000148  A$main$1723                        main
C:   00000148  C$config.c$145$1$26                main
C:   0000014B  A$main$1726                        main
C:   0000014B  C$config.c$146$1$26                main
C:   0000014E  A$main$1729                        main
C:   0000014E  C$config.c$147$1$26                main
C:   0000014E  XG$Init_Device$0$0                 main
C:   0000014F  A$main$1744                        main
C:   0000014F  C$output_glcd.h$27$1$26            main
C:   0000014F  C$output_glcd.h$32$1$28            main
C:   0000014F  G$le_glcd$0$0                      main
C:   0000014F  _le_glcd                           main
C:   00000151  A$main$1747                        main
C:   00000151  C$output_glcd.h$33$1$28            main
C:   00000153  A$main$1748                        main
C:   00000155  A$main$1751                        main
C:   00000155  C$output_glcd.h$34$1$28            main
C:   00000157  A$main$1752                        main
C:   00000158  A$main$1753                        main
C:   0000015A  A$main$1756                        main
C:   0000015A  C$output_glcd.h$35$1$28            main
ASxxxx Linker V03.00 + NoICE + sdld,  page 35.
Hexadecimal  [32-Bits]

Area                                    Addr        Size        Decimal Bytes (Attributes)
--------------------------------        ----        ----        ------- ----- ------------
CSEG                                00000094    00000ECD =        3789. bytes (REL,CON,CODE)

      Value  Global                              Global Defined In Module
      -----  --------------------------------   ------------------------
C:   0000015C  A$main$1757                        main
C:   0000015E  A$main$1760                        main
C:   0000015E  C$output_glcd.h$36$1$28            main
C:   0000015F  A$main$1761                        main
C:   00000160  A$main$1762                        main
C:   00000161  A$main$1763                        main
C:   00000162  A$main$1766                        main
C:   00000162  C$output_glcd.h$38$1$28            main
C:   00000164  A$main$1769                        main
C:   00000164  C$output_glcd.h$39$1$28            main
C:   00000165  A$main$1770                        main
C:   00000166  A$main$1771                        main
C:   00000167  A$main$1772                        main
C:   00000168  A$main$1773                        main
C:   00000169  A$main$1774                        main
C:   0000016A  A$main$1775                        main
C:   0000016B  A$main$1776                        main
C:   0000016C  A$main$1779                        main
C:   0000016C  C$output_glcd.h$41$1$28            main
C:   0000016F  A$main$1782                        main
C:   0000016F  C$output_glcd.h$42$1$28            main
C:   00000172  A$main$1785                        main
C:   00000172  C$output_glcd.h$43$1$28            main
C:   00000175  A$main$1788                        main
C:   00000175  C$output_glcd.h$44$1$28            main
C:   00000176  A$main$1789                        main
C:   00000177  A$main$1790                        main
C:   00000178  A$main$1791                        main
C:   00000179  A$main$1794                        main
C:   00000179  C$output_glcd.h$46$1$28            main
C:   0000017B  A$main$1797                        main
C:   0000017B  C$output_glcd.h$47$1$28            main
C:   0000017C  A$main$1798                        main
C:   0000017D  A$main$1799                        main
C:   0000017E  A$main$1800                        main
C:   0000017F  A$main$1801                        main
C:   00000180  A$main$1802                        main
C:   00000181  A$main$1803                        main
C:   00000182  A$main$1804                        main
C:   00000183  A$main$1805                        main
C:   00000184  A$main$1806                        main
C:   00000185  A$main$1807                        main
C:   00000186  A$main$1808                        main
C:   00000187  A$main$1813                        main
C:   00000187  C$output_glcd.h$48$1$28            main
[...]
C:   000007F6  A$main$3363                        main
C:   000007F6  C$main.c$208$2$88                  main
C:   000007F8  A$main$3367                        main
C:   000007F8  C$main.c$210$1$87                  main
C:   000007F8  XG$uart_ISR$0$0                    main
C:   000007F9  A$main$3386                        main
C:   000007F9  C$main.c$219$1$87                  main
C:   000007F9  C$main.c$221$1$90                  main
C:   000007F9  G$le_tec$0$0                       main
C:   000007F9  _le_tec                            main
C:   000007FC  A$main$3389                        main
C:   000007FC  C$main.c$222$1$90                  main
C:   000007FF  A$main$3390                        main
C:   00000801  A$main$3394                        main
C:   00000801  C$main.c$223$1$90                  main
C:   00000804  A$main$3397                        main
C:   00000804  C$main.c$224$1$90                  main
C:   00000807  A$main$3398                        main
C:   00000809  A$main$3402                        main
C:   00000809  C$main.c$225$1$90                  main
C:   0000080C  A$main$3405                        main
C:   0000080C  C$main.c$226$1$90                  main
C:   0000080F  A$main$3406                        main
C:   00000811  A$main$3410                        main
C:   00000811  C$main.c$227$1$90                  main
C:   00000814  A$main$3413                        main
C:   00000814  C$main.c$228$1$90                  main
C:   00000817  A$main$3414                        main
ASxxxx Linker V03.00 + NoICE + sdld,  page 58.
Hexadecimal  [32-Bits]

Area                                    Addr        Size        Decimal Bytes (Attributes)
--------------------------------        ----        ----        ------- ----- ------------
CSEG                                00000094    00000ECD =        3789. bytes (REL,CON,CODE)

      Value  Global                              Global Defined In Module
      -----  --------------------------------   ------------------------
C:   00000819  A$main$3418                        main
C:   00000819  C$main.c$229$1$90                  main
C:   0000081C  A$main$3421                        main
C:   0000081C  C$main.c$230$1$90                  main
C:   0000081F  A$main$3422                        main
C:   00000821  A$main$3426                        main
C:   00000821  C$main.c$231$1$90                  main
C:   00000824  A$main$3429                        main
C:   00000824  C$main.c$232$1$90                  main
C:   00000827  A$main$3430                        main
C:   00000829  A$main$3434                        main
C:   00000829  C$main.c$233$1$90                  main
C:   0000082C  A$main$3437                        main
C:   0000082C  C$main.c$234$1$90                  main
C:   0000082F  A$main$3438                        main
C:   00000831  A$main$3442                        main
C:   00000831  C$main.c$235$1$90                  main
C:   00000834  A$main$3445                        main
C:   00000834  C$main.c$236$1$90                  main
C:   00000837  A$main$3446                        main
C:   00000839  A$main$3450                        main
C:   00000839  C$main.c$237$1$90                  main
C:   0000083C  A$main$3454                        main
C:   0000083C  C$main.c$239$1$90                  main
C:   0000083C  XG$le_tec$0$0                      main
C:   0000083D  A$main$3467                        main
C:   0000083D  C$main.c$249$1$90                  main
C:   0000083D  C$main.c$250$1$91                  main
C:   0000083D  G$limpa_tela$0$0                   main
C:   0000083D  _limpa_tela                        main
C:   0000083F  A$main$3468                        main
C:   00000842  A$main$3471                        main
C:   00000842  C$main.c$251$1$91                  main
C:   00000844  A$main$3472                        main
C:   00000847  A$main$3475                        main
C:   00000847  C$main.c$252$1$91                  main
C:   00000849  A$main$3476                        main
C:   0000084C  A$main$3477                        main
C:   0000084F  A$main$3480                        main
C:   0000084F  C$main.c$253$1$91                  main
C:   00000851  A$main$3481                        main
C:   00000854  A$main$3482                        main
C:   00000857  A$main$3485                        main
C:   00000857  C$main.c$254$1$91                  main
C:   00000857  XG$limpa_tela$0$0                  main
C:   00000858  A$main$3501                        main
C:   00000858  C$main.c$263$1$91                  main
C:   00000858  G$contagemRegressiva$0$0           main
C:   00000858  _contagemRegressiva                main
C:   0000085A  A$main$3502                        main
C:   0000085C  A$main$3505                        main
ASxxxx Linker V03.00 + NoICE + sdld,  page 59.
Hexadecimal  [32-Bits]

Area                                    Addr        Size        Decimal Bytes (Attributes)
--------------------------------        ----        ----        ------- ----- ------------
CSEG                                00000094    00000ECD =        3789. bytes (REL,CON,CODE)

      Value  Global                              Global Defined In Module
      -----  --------------------------------   ------------------------
C:   0000085C  C$main.c$268$1$93                  main
C:   0000085E  A$main$3508                        main
C:   0000085E  C$main.c$269$1$93                  main
C:   00000860  A$main$3511                        main
C:   00000860  C$main.c$271$1$93                  main
C:   00000862  A$main$3512                        main
C:   00000864  A$main$3513                        main
C:   00000866  A$main$3514                        main
C:   00000869  A$main$3517                        main
C:   00000869  C$main.c$272$1$93                  main
C:   0000086B  A$main$3518                        main
C:   0000086E  A$main$3521                        main
C:   0000086E  C$main.c$273$1$93                  main
C:   00000870  A$main$3522                        main
C:   00000873  A$main$3523                        main
C:   00000876  A$main$3526                        main
C:   00000876  C$main.c$274$1$93                  main
C:   00000878  A$main$3527                        main
C:   0000087B  A$main$3528                        main
C:   0000087E  A$main$3529                        main
C:   00000880  A$main$3530                        main
C:   00000882  A$main$3534                        main
C:   00000882  C$main.c$276$2$94                  main
C:   00000883  A$main$3535                        main
C:   00000886  A$main$3536                        main
C:   00000889  A$main$3540                        main
C:   00000889  C$main.c$277$1$93                  main
C:   0000088C  A$main$3541                        main
C:   0000088F  A$main$3542                        main
C:   00000891  A$main$3543                        main
C:   00000893  A$main$3544                        main
C:   00000895  A$main$3545                        main
C:   00000897  A$main$3546                        main
C:   0000089A  A$main$3547                        main
C:   0000089C  A$main$3548                        main
C:   0000089E  A$main$3549                        main
C:   000008A0  A$main$3550                        main
C:   000008A2  A$main$3553                        main
C:   000008A2  C$main.c$278$1$93                  main
C:   000008A5  A$main$3554                        main
C:   000008A8  A$main$3555                        main
C:   000008AA  A$main$3556                        main
C:   000008AC  A$main$3557                        main
C:   000008AE  A$main$3558                        main
C:   000008B0  A$main$3559                        main
C:   000008B2  A$main$3560                        main
C:   000008B4  A$main$3561                        main
C:   000008B7  A$main$3562                        main
C:   000008B9  A$main$3563                        main
C:   000008BB  A$main$3566                        main
C:   000008BB  C$main.c$280$2$94                  main
ASxxxx Linker V03.00 + NoICE + sdld,  page 60.
Hexadecimal  [32-Bits]

Area                                    Addr        Size        Decimal Bytes (Attributes)
--------------------------------        ----        ----        ------- ----- ------------
CSEG                                00000094    00000ECD =        3789. bytes (REL,CON,CODE)

      Value  Global                              Global Defined In Module
      -----  --------------------------------   ------------------------
C:   000008BD  A$main$3567                        main
C:   000008BF  A$main$3568                        main
C:   000008C1  A$main$3569                        main
C:   000008C3  A$main$3570                        main
C:   000008C5  A$main$3571                        main
C:   000008C7  A$main$3572                        main
C:   000008CA  A$main$3573                        main
C:   000008CC  A$main$3574                        main
C:   000008CE  A$main$3575                        main
C:   000008D0  A$main$3576                        main
C:   000008D2  A$main$3577                        main
C:   000008D4  A$main$3578                        main
C:   000008D6  A$main$3581                        main
C:   000008D6  C$main.c$281$2$94                  main
C:   000008D8  A$main$3582                        main
C:   000008DA  A$main$3583                        main
C:   000008DC  A$main$3584                        main
C:   000008DE  A$main$3585                        main
C:   000008E0  A$main$3586                        main
C:   000008E2  A$main$3587                        main
C:   000008E4  A$main$3588                        main
C:   000008E6  A$main$3589                        main
C:   000008E9  A$main$3590                        main
C:   000008EB  A$main$3591                        main
C:   000008ED  A$main$3592                        main
C:   000008EF  A$main$3593                        main
C:   000008F1  A$main$3596                        main
C:   000008F1  C$main.c$282$2$94                  main
C:   000008F3  A$main$3597                        main
C:   000008F6  A$main$3598                        main
C:   000008F8  A$main$3599                        main
C:   000008FB  A$main$3602                        main
C:   000008FB  C$main.c$283$2$94                  main
C:   000008FE  A$main$3603                        main
C:   00000901  A$main$3604                        main
C:   00000903  A$main$3605                        main
C:   00000905  A$main$3608                        main
C:   00000905  C$main.c$284$2$94                  main
C:   00000906  A$main$3609                        main
C:   00000909  A$main$3610                        main
C:   0000090A  A$main$3612                        main
C:   0000090D  A$main$3616                        main
C:   0000090D  C$main.c$287$1$93                  main
C:   0000090F  A$main$3619                        main
C:   0000090F  C$main.c$288$1$93                  main
C:   00000911  A$main$3622                        main
C:   00000911  C$main.c$290$1$93                  main
C:   00000914  A$main$3625                        main
C:   00000914  C$main.c$291$1$93                  main
C:   00000916  A$main$3626                        main
C:   00000918  A$main$3627                        main
ASxxxx Linker V03.00 + NoICE + sdld,  page 61.
Hexadecimal  [32-Bits]

Area                                    Addr        Size        Decimal Bytes (Attributes)
--------------------------------        ----        ----        ------- ----- ------------
CSEG                                00000094    00000ECD =        3789. bytes (REL,CON,CODE)

      Value  Global                              Global Defined In Module
      -----  --------------------------------   ------------------------
C:   0000091A  A$main$3628                        main
C:   0000091C  A$main$3629                        main
C:   0000091F  A$main$3630                        main
C:   00000921  A$main$3631                        main
C:   00000923  A$main$3634                        main
C:   00000923  C$main.c$292$1$93                  main
C:   00000926  A$main$3635                        main
C:   00000929  A$main$3638                        main
C:   00000929  C$main.c$294$1$93                  main
C:   00000929  XG$contagemRegressiva$0$0          main
C:   0000092A  A$main$3653                        main
C:   0000092A  C$main.c$303$1$93                  main
C:   0000092A  C$main.c$306$1$96                  main
C:   0000092A  G$main$0$0                         main
C:   0000092A  _main                              main
C:   0000092C  A$main$3656                        main
C:   0000092C  C$main.c$308$1$96                  main
C:   0000092F  A$main$3659                        main
C:   0000092F  C$main.c$309$1$96                  main
C:   00000932  A$main$3662                        main
C:   00000932  C$main.c$311$1$96                  main
C:   00000935  A$main$3665                        main
C:   00000935  C$main.c$312$1$96                  main
C:   00000938  A$main$3668                        main
C:   00000938  C$main.c$314$1$96                  main
C:   0000093B  A$main$3669                        main
C:   0000093E  A$main$3670                        main
C:   00000941  A$main$3673                        main
C:   00000941  C$main.c$315$1$96                  main
C:   00000944  A$main$3674                        main
C:   00000947  A$main$3675                        main
C:   00000949  A$main$3676                        main
C:   0000094B  A$main$3679                        main
C:   0000094B  C$main.c$317$1$96                  main
C:   0000094D  A$main$3680                        main
C:   0000094F  A$main$3681                        main
C:   00000951  A$main$3682                        main
C:   00000953  A$main$3683                        main
C:   00000955  A$main$3684                        main
C:   00000957  A$main$3685                        main
C:   00000959  A$main$3686                        main
C:   0000095B  A$main$3687                        main
C:   0000095E  A$main$3688                        main
C:   00000960  A$main$3689                        main
C:   00000962  A$main$3690                        main
C:   00000964  A$main$3693                        main
C:   00000964  C$main.c$319$1$96                  main
C:   00000967  A$main$3694                        main
C:   0000096A  A$main$3695                        main
C:   0000096C  A$main$3696                        main
C:   0000096E  A$main$3699                        main
ASxxxx Linker V03.00 + NoICE + sdld,  page 62.
Hexadecimal  [32-Bits]

Area                                    Addr        Size        Decimal Bytes (Attributes)
--------------------------------        ----        ----        ------- ----- ------------
CSEG                                00000094    00000ECD =        3789. bytes (REL,CON,CODE)

      Value  Global                              Global Defined In Module
      -----  --------------------------------   ------------------------
C:   0000096E  C$main.c$321$1$96                  main
C:   00000970  A$main$3700                        main
C:   00000972  A$main$3701                        main
C:   00000975  A$main$3704                        main
C:   00000975  C$main.c$324$1$96                  main
C:   00000978  A$main$3705                        main
C:   0000097B  A$main$3708                        main
C:   0000097B  C$main.c$358$1$96                  main
C:   0000097B  XG$main$0$0                        main
C:   0000097C  _printf_fast_f                     printf_fast_f
C:   00000DFD  fs_rshift_a                        _fsrshift
C:   00000E40  __mulint                           _mulint
C:   00000E40  __mulint_dummy                     _mulint
C:   00000E5D  __moduint                          _moduint
C:   00000EAA  __divuint                          _divuint
C:   00000ED3  __gptrget                          _gptrget
C:   00000EEF  __modsint                          _modsint
C:   00000F25  __divsint                          _divsint
C:   00000F5D  __sdcc_external_startup            _startup
ASxxxx Linker V03.00 + NoICE + sdld,  page 63.
Hexadecimal  [32-Bits]

Area                                    Addr        Size        Decimal Bytes (Attributes)
--------------------------------        ----        ----        ------- ----- ------------
CONST                               00000F61    0000046D =        1133. bytes (REL,CON,CODE)

      Value  Global                              Global Defined In Module
      -----  --------------------------------   ------------------------
C:   00000F61  G$fonte$0$0                        main
C:   00000F61  _fonte                             main
C:   00001141  Fmain$__str_0$0$0                  main
C:   00001152  Fmain$__str_1$0$0                  main
C:   0000115D  Fmain$__str_2$0$0                  main
C:   0000116E  Fmain$__str_3$0$0                  main
C:   00001178  Fmain$__str_4$0$0                  main
C:   00001186  Fmain$__str_5$0$0                  main
C:   00001196  Fmain$__str_6$0$0                  main
C:   000011A3  Fmain$__str_7$0$0                  main
C:   000011B1  Fmain$__str_8$0$0                  main
C:   000011C1  Fmain$__str_9$0$0                  main
C:   000011D1  Fmain$__str_10$0$0                 main
C:   000011DD  Fmain$__str_11$0$0                 main
C:   000011E6  Fmain$__str_12$0$0                 main
ASxxxx Linker V03.00 + NoICE + sdld,  page 64.

Files Linked                              [ module(s) ]

C:\Users\202019050169\Downloads\trabalho\main.rel
                                          [  ]


Libraries Linked                          [ object file ]

C:\Program Files\SDCC\bin\..\lib\small/libsdcc.lib
                                          [ printf_fast_f.rel ]
C:\Program Files\SDCC\bin\..\lib\small/mcs51.lib
                                          [ crtclear.rel ]
C:\Program Files\SDCC\bin\..\lib\small/libfloat.lib
                                          [ _fsrshift.rel ]
C:\Program Files\SDCC\bin\..\lib\small/mcs51.lib
                                          [ crtxinit.rel ]
C:\Program Files\SDCC\bin\..\lib\small/libint.lib
                                          [ _mulint.rel ]
C:\Program Files\SDCC\bin\..\lib\small/libint.lib
                                          [ _moduint.rel ]
C:\Program Files\SDCC\bin\..\lib\small/mcs51.lib
                                          [ crtxclear.rel ]
C:\Program Files\SDCC\bin\..\lib\small/libint.lib
                                          [ _divuint.rel ]
C:\Program Files\SDCC\bin\..\lib\small/libsdcc.lib
                                          [ _bp.rel ]
C:\Program Files\SDCC\bin\..\lib\small/mcs51.lib
                                          [ crtstart.rel ]
C:\Program Files\SDCC\bin\..\lib\small/libsdcc.lib
                                          [ _gptrget.rel ]
C:\Program Files\SDCC\bin\..\lib\small/libint.lib
                                          [ _modsint.rel ]
C:\Program Files\SDCC\bin\..\lib\small/libint.lib
                                          [ _divsint.rel ]
C:\Program Files\SDCC\bin\..\lib\small/libsdcc.lib
                                          [ _startup.rel ]

ASxxxx Linker V03.00 + NoICE + sdld,  page 65.

User Base Address Definitions

HOME = 0x0000
XSEG = 0x0001
PSEG = 0x0001
ISEG = 0x0000
BSEG = 0x0000

